Testing registration at 03/04/2026 23:38:01
Username: user639082642812670152
FAILED: Unable to connect to the remote server
Status: 
